✔ another attempt grants one validation retry after 0 expired leases and can finish without a waiver (87.402708ms)
✔ accept with these problems grants one validation retry after 0 expired leases and can finish without a waiver (70.845584ms)
✖ another attempt grants one validation retry after 1 expired leases and can finish without a waiver (21.310959ms)
✖ accept with these problems grants one validation retry after 1 expired leases and can finish without a waiver (20.249916ms)
✖ another attempt grants one validation retry after 2 expired leases and can finish without a waiver (20.581667ms)
✖ accept with these problems grants one validation retry after 2 expired leases and can finish without a waiver (21.95225ms)
ℹ tests 6
ℹ suites 0
ℹ pass 2
ℹ fail 4
ℹ cancelled 0
ℹ skipped 0
ℹ todo 0
ℹ duration_ms 430.693791

✖ failing tests:

test at tests/kernel/broker/retry-budget.test.ts:27:5
✖ another attempt grants one validation retry after 1 expired leases and can finish without a waiver (21.310959ms)
  AssertionError [ERR_ASSERTION]: one approved attempt must not become extra retries after expiration
  + actual - expected
  
  + 'ready'
  - 'waiting_for_decision'
  
      at TestContext.<anonymous> (file://<USER_HOME>/Developer/Projects/construct/tests/kernel/broker/retry-budget.test.ts:51:16)
      at process.processTicksAndRejections (node:internal/process/task_queues:104:5)
      at async Test.run (node:internal/test_runner/test:1208:7)
      at async Test.processPendingSubtests (node:internal/test_runner/test:831:7) {
    generatedMessage: false,
    code: 'ERR_ASSERTION',
    actual: 'ready',
    expected: 'waiting_for_decision',
    operator: 'strictEqual',
    diff: 'simple'
  }

test at tests/kernel/broker/retry-budget.test.ts:27:5
✖ accept with these problems grants one validation retry after 1 expired leases and can finish without a waiver (20.249916ms)
  AssertionError [ERR_ASSERTION]: one approved attempt must not become extra retries after expiration
  + actual - expected
  
  + 'ready'
  - 'waiting_for_decision'
  
      at TestContext.<anonymous> (file://<USER_HOME>/Developer/Projects/construct/tests/kernel/broker/retry-budget.test.ts:51:16)
      at process.processTicksAndRejections (node:internal/process/task_queues:104:5)
      at async Test.run (node:internal/test_runner/test:1208:7)
      at async Test.processPendingSubtests (node:internal/test_runner/test:831:7) {
    generatedMessage: false,
    code: 'ERR_ASSERTION',
    actual: 'ready',
    expected: 'waiting_for_decision',
    operator: 'strictEqual',
    diff: 'simple'
  }

test at tests/kernel/broker/retry-budget.test.ts:27:5
✖ another attempt grants one validation retry after 2 expired leases and can finish without a waiver (20.581667ms)
  AssertionError [ERR_ASSERTION]: one approved attempt must not become extra retries after expiration
  + actual - expected
  
  + 'ready'
  - 'waiting_for_decision'
  
      at TestContext.<anonymous> (file://<USER_HOME>/Developer/Projects/construct/tests/kernel/broker/retry-budget.test.ts:51:16)
      at process.processTicksAndRejections (node:internal/process/task_queues:104:5)
      at async Test.run (node:internal/test_runner/test:1208:7)
      at async Test.processPendingSubtests (node:internal/test_runner/test:831:7) {
    generatedMessage: false,
    code: 'ERR_ASSERTION',
    actual: 'ready',
    expected: 'waiting_for_decision',
    operator: 'strictEqual',
    diff: 'simple'
  }

test at tests/kernel/broker/retry-budget.test.ts:27:5
✖ accept with these problems grants one validation retry after 2 expired leases and can finish without a waiver (21.95225ms)
  AssertionError [ERR_ASSERTION]: one approved attempt must not become extra retries after expiration
  + actual - expected
  
  + 'ready'
  - 'waiting_for_decision'
  
      at TestContext.<anonymous> (file://<USER_HOME>/Developer/Projects/construct/tests/kernel/broker/retry-budget.test.ts:51:16)
      at process.processTicksAndRejections (node:internal/process/task_queues:104:5)
      at async Test.run (node:internal/test_runner/test:1208:7)
      at async Test.processPendingSubtests (node:internal/test_runner/test:831:7) {
    generatedMessage: false,
    code: 'ERR_ASSERTION',
    actual: 'ready',
    expected: 'waiting_for_decision',
    operator: 'strictEqual',
    diff: 'simple'
  }
