✔ host command receipts reject failing, missing, replayed, timed out and changed subjects (218.523292ms)
✔ required execution gates public submission and CLI completion: missing (58.037417ms)
✔ required execution gates public submission and CLI completion: failed (89.544708ms)
✔ required execution gates public submission and CLI completion: stale (89.357417ms)
✔ required execution gates public submission and CLI completion: wrong_attempt (87.31475ms)
✔ required execution gates public submission and CLI completion: passed (87.745ms)
✔ public intended verification: pass (107.912208ms)
✔ public intended verification: bad-artifact (82.139375ms)
✔ public intended verification: unknown (75.399291ms)
✔ public intended verification: missing-check (81.721791ms)
✔ public intended verification: other-check (81.839542ms)
✔ public intended verification: wrong-command (21.475666ms)
✔ public intended verification: changed-verifier (23.072167ms)
✔ public intended verification: changed-rubric (21.362541ms)
✔ public intended verification: changed-during (73.27825ms)
✔ public intended verification: changed-after (71.353209ms)
✔ public intended verification: nonzero (73.081792ms)
✔ public intended verification: fake-receipt (72.313375ms)
✔ intended contract is frozen before production and cannot be introduced with a verification result (20.149916ms)
✔ plain answer claim support: polarity counterexample (40.292167ms)
✔ plain answer claim support: preserved negation paraphrase (21.260084ms)
✔ plain answer claim support: contraction paraphrase (20.846083ms)
✔ plain answer claim support: positive clause (18.79325ms)
✔ plain answer claim support: misleading quoted substring (22.426875ms)
✔ plain answer claim support: conditional quote (23.119375ms)
✔ plain answer claim support: modal claim (18.632334ms)
✔ plain answer claim support: unfamiliar paraphrase (15.711458ms)
✔ plain answer claim support: scope mismatch (18.562875ms)
✔ ordinary answer without explicit claims still catches the known polarity failure (15.569875ms)
✔ independent disagreement and changed source bytes stay visible instead of fabricated consensus (19.892084ms)
✔ arithmetic support requires mapped units, complete coverage and the exact typed proposition (27.290333ms)
✔ every tool is declared once with a closed schema, a plain description, and a surface (2.006209ms)
✔ every tool on both surfaces fits a host budget: a small schema, a bounded description, and arrays that say what they hold (0.438125ms)
✔ wrong input names the field and, for a closed set, the values it accepts (0.35325ms)
✔ promote_deliverable never takes validated, and takes challenged only with the objections the challenge raised (0.319541ms)
✔ bootstrap is small and says what to do next; answers create nothing; remember creates one statement (36.870042ms)
✔ the tools that record or start something for the person say that what the host reads is data, not a request (0.086041ms)
✔ bootstrap never puts setup ahead of the person's request: setup questions and proposals are offered after it, with their answers (40.347708ms)
✔ bootstrap leads with the decisions about runs, and names blocked runs instead of sending claim_work to them (21.696375ms)
✔ the interactive lifecycle: read, start, claim, submit, status, promote (32.940125ms)
✔ the headless surface claims and submits but cannot decide, remember, or start (19.267541ms)
ℹ tests 41
ℹ suites 0
ℹ pass 41
ℹ fail 0
ℹ cancelled 0
ℹ skipped 0
ℹ todo 0
ℹ duration_ms 1036.088583
